Analysis & Elaboration report for pipeline_cpu
Wed Nov 26 13:44:12 2025
Quartus Prime Version 20.1.0 Build 711 06/05/2020 SJ Lite Edition


---------------------
; Table of Contents ;
---------------------
  1. Legal Notice
  2. Analysis & Elaboration Summary
  3. Parallel Compilation
  4. Analysis & Elaboration Settings
  5. Port Connectivity Checks: "alu_16b:ALU"
  6. Port Connectivity Checks: "alu_16b:PC_Add"
  7. Port Connectivity Checks: "id_ex:S_ID_EX"
  8. Port Connectivity Checks: "alu_16b:PC_mais_2"
  9. Analysis & Elaboration Messages



----------------
; Legal Notice ;
----------------
Copyright (C) 2020  Intel Corporation. All rights reserved.
Your use of Intel Corporation's design tools, logic functions 
and other software and tools, and any partner logic 
functions, and any output files from any of the foregoing 
(including device programming or simulation files), and any 
associated documentation or information are expressly subject 
to the terms and conditions of the Intel Program License 
Subscription Agreement, the Intel Quartus Prime License Agreement,
the Intel FPGA IP License Agreement, or other applicable license
agreement, including, without limitation, that your use is for
the sole purpose of programming logic devices manufactured by
Intel and sold by Intel or its authorized distributors.  Please
refer to the applicable agreement for further details, at
https://fpgasoftware.intel.com/eula.



+----------------------------------------------------------------------------------+
; Analysis & Elaboration Summary                                                   ;
+------------------------------------+---------------------------------------------+
; Analysis & Elaboration Status      ; Successful - Wed Nov 26 13:44:12 2025       ;
; Quartus Prime Version              ; 20.1.0 Build 711 06/05/2020 SJ Lite Edition ;
; Revision Name                      ; pipeline_cpu                                ;
; Top-level Entity Name              ; pipeline_cpu                                ;
; Family                             ; Cyclone IV E                                ;
; Total logic elements               ; N/A until Partition Merge                   ;
;     Total combinational functions  ; N/A until Partition Merge                   ;
;     Dedicated logic registers      ; N/A until Partition Merge                   ;
; Total registers                    ; N/A until Partition Merge                   ;
; Total pins                         ; N/A until Partition Merge                   ;
; Total virtual pins                 ; N/A until Partition Merge                   ;
; Total memory bits                  ; N/A until Partition Merge                   ;
; Embedded Multiplier 9-bit elements ; N/A until Partition Merge                   ;
; Total PLLs                         ; N/A until Partition Merge                   ;
+------------------------------------+---------------------------------------------+


+------------------------------------------+
; Parallel Compilation                     ;
+----------------------------+-------------+
; Processors                 ; Number      ;
+----------------------------+-------------+
; Number detected on machine ; 12          ;
; Maximum allowed            ; 8           ;
;                            ;             ;
; Average used               ; 1.00        ;
; Maximum used               ; 1           ;
;                            ;             ;
; Usage by Processor         ; % Time Used ;
;     Processor 1            ; 100.0%      ;
+----------------------------+-------------+


+------------------------------------------------------------------------------------------------------------+
; Analysis & Elaboration Settings                                                                            ;
+------------------------------------------------------------------+--------------------+--------------------+
; Option                                                           ; Setting            ; Default Value      ;
+------------------------------------------------------------------+--------------------+--------------------+
; Device                                                           ; EP4CE115F29C7      ;                    ;
; Top-level entity name                                            ; pipeline_cpu       ; pipeline_cpu       ;
; Family name                                                      ; Cyclone IV E       ; Cyclone V          ;
; Use smart compilation                                            ; Off                ; Off                ;
; Enable parallel Assembler and Timing Analyzer during compilation ; On                 ; On                 ;
; Enable compact report table                                      ; Off                ; Off                ;
; Restructure Multiplexers                                         ; Auto               ; Auto               ;
; Create Debugging Nodes for IP Cores                              ; Off                ; Off                ;
; Preserve fewer node names                                        ; On                 ; On                 ;
; Intel FPGA IP Evaluation Mode                                    ; Enable             ; Enable             ;
; Verilog Version                                                  ; Verilog_2001       ; Verilog_2001       ;
; VHDL Version                                                     ; VHDL_1993          ; VHDL_1993          ;
; State Machine Processing                                         ; Auto               ; Auto               ;
; Safe State Machine                                               ; Off                ; Off                ;
; Extract Verilog State Machines                                   ; On                 ; On                 ;
; Extract VHDL State Machines                                      ; On                 ; On                 ;
; Ignore Verilog initial constructs                                ; Off                ; Off                ;
; Iteration limit for constant Verilog loops                       ; 5000               ; 5000               ;
; Iteration limit for non-constant Verilog loops                   ; 250                ; 250                ;
; Add Pass-Through Logic to Inferred RAMs                          ; On                 ; On                 ;
; Infer RAMs from Raw Logic                                        ; On                 ; On                 ;
; Parallel Synthesis                                               ; On                 ; On                 ;
; DSP Block Balancing                                              ; Auto               ; Auto               ;
; NOT Gate Push-Back                                               ; On                 ; On                 ;
; Power-Up Don't Care                                              ; On                 ; On                 ;
; Remove Redundant Logic Cells                                     ; Off                ; Off                ;
; Remove Duplicate Registers                                       ; On                 ; On                 ;
; Ignore CARRY Buffers                                             ; Off                ; Off                ;
; Ignore CASCADE Buffers                                           ; Off                ; Off                ;
; Ignore GLOBAL Buffers                                            ; Off                ; Off                ;
; Ignore ROW GLOBAL Buffers                                        ; Off                ; Off                ;
; Ignore LCELL Buffers                                             ; Off                ; Off                ;
; Ignore SOFT Buffers                                              ; On                 ; On                 ;
; Limit AHDL Integers to 32 Bits                                   ; Off                ; Off                ;
; Optimization Technique                                           ; Balanced           ; Balanced           ;
; Carry Chain Length                                               ; 70                 ; 70                 ;
; Auto Carry Chains                                                ; On                 ; On                 ;
; Auto Open-Drain Pins                                             ; On                 ; On                 ;
; Perform WYSIWYG Primitive Resynthesis                            ; Off                ; Off                ;
; Auto ROM Replacement                                             ; On                 ; On                 ;
; Auto RAM Replacement                                             ; On                 ; On                 ;
; Auto DSP Block Replacement                                       ; On                 ; On                 ;
; Auto Shift Register Replacement                                  ; Auto               ; Auto               ;
; Allow Shift Register Merging across Hierarchies                  ; Auto               ; Auto               ;
; Auto Clock Enable Replacement                                    ; On                 ; On                 ;
; Strict RAM Replacement                                           ; Off                ; Off                ;
; Allow Synchronous Control Signals                                ; On                 ; On                 ;
; Force Use of Synchronous Clear Signals                           ; Off                ; Off                ;
; Auto RAM Block Balancing                                         ; On                 ; On                 ;
; Auto RAM to Logic Cell Conversion                                ; Off                ; Off                ;
; Auto Resource Sharing                                            ; Off                ; Off                ;
; Allow Any RAM Size For Recognition                               ; Off                ; Off                ;
; Allow Any ROM Size For Recognition                               ; Off                ; Off                ;
; Allow Any Shift Register Size For Recognition                    ; Off                ; Off                ;
; Use LogicLock Constraints during Resource Balancing              ; On                 ; On                 ;
; Ignore translate_off and synthesis_off directives                ; Off                ; Off                ;
; Timing-Driven Synthesis                                          ; On                 ; On                 ;
; Report Parameter Settings                                        ; On                 ; On                 ;
; Report Source Assignments                                        ; On                 ; On                 ;
; Report Connectivity Checks                                       ; On                 ; On                 ;
; Ignore Maximum Fan-Out Assignments                               ; Off                ; Off                ;
; Synchronization Register Chain Length                            ; 2                  ; 2                  ;
; Power Optimization During Synthesis                              ; Normal compilation ; Normal compilation ;
; HDL message level                                                ; Level2             ; Level2             ;
; Suppress Register Optimization Related Messages                  ; Off                ; Off                ;
; Number of Removed Registers Reported in Synthesis Report         ; 5000               ; 5000               ;
; Number of Swept Nodes Reported in Synthesis Report               ; 5000               ; 5000               ;
; Number of Inverted Registers Reported in Synthesis Report        ; 100                ; 100                ;
; Clock MUX Protection                                             ; On                 ; On                 ;
; Auto Gated Clock Conversion                                      ; Off                ; Off                ;
; Block Design Naming                                              ; Auto               ; Auto               ;
; SDC constraint protection                                        ; Off                ; Off                ;
; Synthesis Effort                                                 ; Auto               ; Auto               ;
; Shift Register Replacement - Allow Asynchronous Clear Signal     ; On                 ; On                 ;
; Pre-Mapping Resynthesis Optimization                             ; Off                ; Off                ;
; Analysis & Synthesis Message Level                               ; Medium             ; Medium             ;
; Disable Register Merging Across Hierarchies                      ; Auto               ; Auto               ;
; Resource Aware Inference For Block RAM                           ; On                 ; On                 ;
+------------------------------------------------------------------+--------------------+--------------------+


+--------------------------------------------------------------------------------------------------------------------+
; Port Connectivity Checks: "alu_16b:ALU"                                                                            ;
+----------+--------+----------+-------------------------------------------------------------------------------------+
; Port     ; Type   ; Severity ; Details                                                                             ;
+----------+--------+----------+-------------------------------------------------------------------------------------+
; overflow ; Output ; Info     ; Connected to dangling logic. Logic that only feeds a dangling port will be removed. ;
+----------+--------+----------+-------------------------------------------------------------------------------------+


+--------------------------------------------------------------------------------------------------------------------+
; Port Connectivity Checks: "alu_16b:PC_Add"                                                                         ;
+----------+--------+----------+-------------------------------------------------------------------------------------+
; Port     ; Type   ; Severity ; Details                                                                             ;
+----------+--------+----------+-------------------------------------------------------------------------------------+
; control  ; Input  ; Info     ; Stuck at GND                                                                        ;
; zero     ; Output ; Info     ; Connected to dangling logic. Logic that only feeds a dangling port will be removed. ;
; overflow ; Output ; Info     ; Connected to dangling logic. Logic that only feeds a dangling port will be removed. ;
+----------+--------+----------+-------------------------------------------------------------------------------------+


+-----------------------------------------------------+
; Port Connectivity Checks: "id_ex:S_ID_EX"           ;
+-------------------+-------+----------+--------------+
; Port              ; Type  ; Severity ; Details      ;
+-------------------+-------+----------+--------------+
; offset_in[15..13] ; Input ; Info     ; Stuck at GND ;
+-------------------+-------+----------+--------------+


+--------------------------------------------------------------------------------------------------------------------+
; Port Connectivity Checks: "alu_16b:PC_mais_2"                                                                      ;
+----------+--------+----------+-------------------------------------------------------------------------------------+
; Port     ; Type   ; Severity ; Details                                                                             ;
+----------+--------+----------+-------------------------------------------------------------------------------------+
; b[15..2] ; Input  ; Info     ; Stuck at GND                                                                        ;
; b[1]     ; Input  ; Info     ; Stuck at VCC                                                                        ;
; b[0]     ; Input  ; Info     ; Stuck at GND                                                                        ;
; control  ; Input  ; Info     ; Stuck at GND                                                                        ;
; zero     ; Output ; Info     ; Connected to dangling logic. Logic that only feeds a dangling port will be removed. ;
; overflow ; Output ; Info     ; Connected to dangling logic. Logic that only feeds a dangling port will be removed. ;
+----------+--------+----------+-------------------------------------------------------------------------------------+


+---------------------------------+
; Analysis & Elaboration Messages ;
+---------------------------------+
Info: *******************************************************************
Info: Running Quartus Prime Analysis & Elaboration
    Info: Version 20.1.0 Build 711 06/05/2020 SJ Lite Edition
    Info: Processing started: Wed Nov 26 13:44:06 2025
Info: Command: quartus_map --read_settings_files=on --write_settings_files=off pipeline_cpu -c pipeline_cpu --analysis_and_elaboration
Warning (18236): Number of processors has not been specified which may cause overloading on shared machines.  Set the global assignment NUM_PARALLEL_PROCESSORS in your QSF to an appropriate value for best performance.
Info (20030): Parallel compilation is enabled and will use 8 of the 8 processors detected
Info (12021): Found 2 design units, including 1 entities, in source file pipeline_cpu.vhd
    Info (12022): Found design unit 1: pipeline_cpu-structure File: C:/quartus directory/proj2_cpu_pipeline_s2_25/cpu-pipeline-vhdl/pipeline_cpu.vhd Line: 18
    Info (12023): Found entity 1: pipeline_cpu File: C:/quartus directory/proj2_cpu_pipeline_s2_25/cpu-pipeline-vhdl/pipeline_cpu.vhd Line: 8
Info (12021): Found 1 design units, including 0 entities, in source file pipeline_cpu_pkg.vhd
    Info (12022): Found design unit 1: pipeline_cpu_pkg File: C:/quartus directory/proj2_cpu_pipeline_s2_25/cpu-pipeline-vhdl/pipeline_cpu_pkg.vhd Line: 4
Info (12021): Found 2 design units, including 1 entities, in source file mux_2_1_16b.vhd
    Info (12022): Found design unit 1: mux_2_1_16b-structure File: C:/quartus directory/proj2_cpu_pipeline_s2_25/cpu-pipeline-vhdl/mux_2_1_16b.vhd Line: 13
    Info (12023): Found entity 1: mux_2_1_16b File: C:/quartus directory/proj2_cpu_pipeline_s2_25/cpu-pipeline-vhdl/mux_2_1_16b.vhd Line: 4
Info (12021): Found 2 design units, including 1 entities, in source file mux_2_1_4b.vhd
    Info (12022): Found design unit 1: mux_2_1_4b-structure File: C:/quartus directory/proj2_cpu_pipeline_s2_25/cpu-pipeline-vhdl/mux_2_1_4b.vhd Line: 13
    Info (12023): Found entity 1: mux_2_1_4b File: C:/quartus directory/proj2_cpu_pipeline_s2_25/cpu-pipeline-vhdl/mux_2_1_4b.vhd Line: 4
Info (12021): Found 2 design units, including 1 entities, in source file pc.vhd
    Info (12022): Found design unit 1: pc-structure File: C:/quartus directory/proj2_cpu_pipeline_s2_25/cpu-pipeline-vhdl/pc.vhd Line: 14
    Info (12023): Found entity 1: pc File: C:/quartus directory/proj2_cpu_pipeline_s2_25/cpu-pipeline-vhdl/pc.vhd Line: 4
Info (12021): Found 2 design units, including 1 entities, in source file alu_16b.vhd
    Info (12022): Found design unit 1: alu_16b-behavior File: C:/quartus directory/proj2_cpu_pipeline_s2_25/cpu-pipeline-vhdl/alu_16b.vhd Line: 16
    Info (12023): Found entity 1: alu_16b File: C:/quartus directory/proj2_cpu_pipeline_s2_25/cpu-pipeline-vhdl/alu_16b.vhd Line: 5
Info (12021): Found 2 design units, including 1 entities, in source file inst_mem.vhd
    Info (12022): Found design unit 1: inst_mem-structure File: C:/quartus directory/proj2_cpu_pipeline_s2_25/cpu-pipeline-vhdl/inst_mem.vhd Line: 11
    Info (12023): Found entity 1: inst_mem File: C:/quartus directory/proj2_cpu_pipeline_s2_25/cpu-pipeline-vhdl/inst_mem.vhd Line: 4
Info (12021): Found 2 design units, including 1 entities, in source file if_id.vhd
    Info (12022): Found design unit 1: if_id-structure File: C:/quartus directory/proj2_cpu_pipeline_s2_25/cpu-pipeline-vhdl/if_id.vhd Line: 16
    Info (12023): Found entity 1: if_id File: C:/quartus directory/proj2_cpu_pipeline_s2_25/cpu-pipeline-vhdl/if_id.vhd Line: 4
Info (12021): Found 2 design units, including 1 entities, in source file control.vhd
    Info (12022): Found design unit 1: control-structure File: C:/quartus directory/proj2_cpu_pipeline_s2_25/cpu-pipeline-vhdl/control.vhd Line: 13
    Info (12023): Found entity 1: control File: C:/quartus directory/proj2_cpu_pipeline_s2_25/cpu-pipeline-vhdl/control.vhd Line: 4
Info (12021): Found 2 design units, including 1 entities, in source file registers.vhd
    Info (12022): Found design unit 1: registers-structure File: C:/quartus directory/proj2_cpu_pipeline_s2_25/cpu-pipeline-vhdl/registers.vhd Line: 17
    Info (12023): Found entity 1: registers File: C:/quartus directory/proj2_cpu_pipeline_s2_25/cpu-pipeline-vhdl/registers.vhd Line: 4
Info (12021): Found 2 design units, including 1 entities, in source file id_ex.vhd
    Info (12022): Found design unit 1: id_ex-structure File: C:/quartus directory/proj2_cpu_pipeline_s2_25/cpu-pipeline-vhdl/id_ex.vhd Line: 32
    Info (12023): Found entity 1: id_ex File: C:/quartus directory/proj2_cpu_pipeline_s2_25/cpu-pipeline-vhdl/id_ex.vhd Line: 4
Info (12021): Found 2 design units, including 1 entities, in source file alu_control.vhd
    Info (12022): Found design unit 1: alu_control-structure File: C:/quartus directory/proj2_cpu_pipeline_s2_25/cpu-pipeline-vhdl/alu_control.vhd Line: 12
    Info (12023): Found entity 1: alu_control File: C:/quartus directory/proj2_cpu_pipeline_s2_25/cpu-pipeline-vhdl/alu_control.vhd Line: 4
Info (12021): Found 2 design units, including 1 entities, in source file ex_mem.vhd
    Info (12022): Found design unit 1: ex_mem-structure File: C:/quartus directory/proj2_cpu_pipeline_s2_25/cpu-pipeline-vhdl/ex_mem.vhd Line: 28
    Info (12023): Found entity 1: ex_mem File: C:/quartus directory/proj2_cpu_pipeline_s2_25/cpu-pipeline-vhdl/ex_mem.vhd Line: 4
Info (12021): Found 2 design units, including 1 entities, in source file data_memory.vhd
    Info (12022): Found design unit 1: data_memory-structure File: C:/quartus directory/proj2_cpu_pipeline_s2_25/cpu-pipeline-vhdl/data_memory.vhd Line: 14
    Info (12023): Found entity 1: data_memory File: C:/quartus directory/proj2_cpu_pipeline_s2_25/cpu-pipeline-vhdl/data_memory.vhd Line: 4
Info (12021): Found 2 design units, including 1 entities, in source file mem_wb.vhd
    Info (12022): Found design unit 1: mem_wb-structure File: C:/quartus directory/proj2_cpu_pipeline_s2_25/cpu-pipeline-vhdl/mem_wb.vhd Line: 21
    Info (12023): Found entity 1: mem_wb File: C:/quartus directory/proj2_cpu_pipeline_s2_25/cpu-pipeline-vhdl/mem_wb.vhd Line: 4
Info (12021): Found 2 design units, including 1 entities, in source file shiftl_1.vhd
    Info (12022): Found design unit 1: shiftl_1-structure File: C:/quartus directory/proj2_cpu_pipeline_s2_25/cpu-pipeline-vhdl/shiftl_1.vhd Line: 12
    Info (12023): Found entity 1: shiftl_1 File: C:/quartus directory/proj2_cpu_pipeline_s2_25/cpu-pipeline-vhdl/shiftl_1.vhd Line: 5
Info (12021): Found 2 design units, including 1 entities, in source file regis16.vhd
    Info (12022): Found design unit 1: regis16-structure File: C:/quartus directory/proj2_cpu_pipeline_s2_25/cpu-pipeline-vhdl/regis16.vhd Line: 13
    Info (12023): Found entity 1: regis16 File: C:/quartus directory/proj2_cpu_pipeline_s2_25/cpu-pipeline-vhdl/regis16.vhd Line: 4
Info (12021): Found 2 design units, including 1 entities, in source file regis4.vhd
    Info (12022): Found design unit 1: regis4-structure File: C:/quartus directory/proj2_cpu_pipeline_s2_25/cpu-pipeline-vhdl/regis4.vhd Line: 13
    Info (12023): Found entity 1: regis4 File: C:/quartus directory/proj2_cpu_pipeline_s2_25/cpu-pipeline-vhdl/regis4.vhd Line: 4
Info (12127): Elaborating entity "pipeline_cpu" for the top level hierarchy
Warning (10541): VHDL Signal Declaration warning at pipeline_cpu.vhd(30): used implicit default value for signal "Global_In" because signal was never assigned a value or an explicit default value. Use of implicit default value may introduce unintended design optimizations. File: C:/quartus directory/proj2_cpu_pipeline_s2_25/cpu-pipeline-vhdl/pipeline_cpu.vhd Line: 30
Warning (10541): VHDL Signal Declaration warning at pipeline_cpu.vhd(31): used implicit default value for signal "Global_Out" because signal was never assigned a value or an explicit default value. Use of implicit default value may introduce unintended design optimizations. File: C:/quartus directory/proj2_cpu_pipeline_s2_25/cpu-pipeline-vhdl/pipeline_cpu.vhd Line: 31
Warning (10036): Verilog HDL or VHDL warning at pipeline_cpu.vhd(71): object "LIXO" assigned a value but never read File: C:/quartus directory/proj2_cpu_pipeline_s2_25/cpu-pipeline-vhdl/pipeline_cpu.vhd Line: 71
Warning (10036): Verilog HDL or VHDL warning at pipeline_cpu.vhd(80): object "overflow_EX" assigned a value but never read File: C:/quartus directory/proj2_cpu_pipeline_s2_25/cpu-pipeline-vhdl/pipeline_cpu.vhd Line: 80
Info (12128): Elaborating entity "mux_2_1_16b" for hierarchy "mux_2_1_16b:Mux_2_1_IF" File: C:/quartus directory/proj2_cpu_pipeline_s2_25/cpu-pipeline-vhdl/pipeline_cpu.vhd Line: 143
Info (12128): Elaborating entity "pc" for hierarchy "pc:PC_IF" File: C:/quartus directory/proj2_cpu_pipeline_s2_25/cpu-pipeline-vhdl/pipeline_cpu.vhd Line: 144
Warning (10541): VHDL Signal Declaration warning at pc.vhd(10): used implicit default value for signal "PC_out" because signal was never assigned a value or an explicit default value. Use of implicit default value may introduce unintended design optimizations. File: C:/quartus directory/proj2_cpu_pipeline_s2_25/cpu-pipeline-vhdl/pc.vhd Line: 10
Info (12128): Elaborating entity "alu_16b" for hierarchy "alu_16b:PC_mais_2" File: C:/quartus directory/proj2_cpu_pipeline_s2_25/cpu-pipeline-vhdl/pipeline_cpu.vhd Line: 146
Info (12128): Elaborating entity "inst_mem" for hierarchy "inst_mem:Instruc_M" File: C:/quartus directory/proj2_cpu_pipeline_s2_25/cpu-pipeline-vhdl/pipeline_cpu.vhd Line: 148
Warning (10541): VHDL Signal Declaration warning at inst_mem.vhd(7): used implicit default value for signal "Inst_Out" because signal was never assigned a value or an explicit default value. Use of implicit default value may introduce unintended design optimizations. File: C:/quartus directory/proj2_cpu_pipeline_s2_25/cpu-pipeline-vhdl/inst_mem.vhd Line: 7
Info (12128): Elaborating entity "if_id" for hierarchy "if_id:S_IF_ID" File: C:/quartus directory/proj2_cpu_pipeline_s2_25/cpu-pipeline-vhdl/pipeline_cpu.vhd Line: 156
Warning (10541): VHDL Signal Declaration warning at if_id.vhd(11): used implicit default value for signal "PC_2_ID_out" because signal was never assigned a value or an explicit default value. Use of implicit default value may introduce unintended design optimizations. File: C:/quartus directory/proj2_cpu_pipeline_s2_25/cpu-pipeline-vhdl/if_id.vhd Line: 11
Warning (10541): VHDL Signal Declaration warning at if_id.vhd(12): used implicit default value for signal "Inst_ID_out" because signal was never assigned a value or an explicit default value. Use of implicit default value may introduce unintended design optimizations. File: C:/quartus directory/proj2_cpu_pipeline_s2_25/cpu-pipeline-vhdl/if_id.vhd Line: 12
Info (12128): Elaborating entity "control" for hierarchy "control:S_Control" File: C:/quartus directory/proj2_cpu_pipeline_s2_25/cpu-pipeline-vhdl/pipeline_cpu.vhd Line: 168
Warning (10541): VHDL Signal Declaration warning at control.vhd(7): used implicit default value for signal "wb" because signal was never assigned a value or an explicit default value. Use of implicit default value may introduce unintended design optimizations. File: C:/quartus directory/proj2_cpu_pipeline_s2_25/cpu-pipeline-vhdl/control.vhd Line: 7
Warning (10541): VHDL Signal Declaration warning at control.vhd(8): used implicit default value for signal "m" because signal was never assigned a value or an explicit default value. Use of implicit default value may introduce unintended design optimizations. File: C:/quartus directory/proj2_cpu_pipeline_s2_25/cpu-pipeline-vhdl/control.vhd Line: 8
Warning (10541): VHDL Signal Declaration warning at control.vhd(9): used implicit default value for signal "ex" because signal was never assigned a value or an explicit default value. Use of implicit default value may introduce unintended design optimizations. File: C:/quartus directory/proj2_cpu_pipeline_s2_25/cpu-pipeline-vhdl/control.vhd Line: 9
Info (12128): Elaborating entity "registers" for hierarchy "registers:S_Registers" File: C:/quartus directory/proj2_cpu_pipeline_s2_25/cpu-pipeline-vhdl/pipeline_cpu.vhd Line: 170
Warning (10541): VHDL Signal Declaration warning at registers.vhd(12): used implicit default value for signal "RS_Data" because signal was never assigned a value or an explicit default value. Use of implicit default value may introduce unintended design optimizations. File: C:/quartus directory/proj2_cpu_pipeline_s2_25/cpu-pipeline-vhdl/registers.vhd Line: 12
Warning (10541): VHDL Signal Declaration warning at registers.vhd(13): used implicit default value for signal "RT_Data" because signal was never assigned a value or an explicit default value. Use of implicit default value may introduce unintended design optimizations. File: C:/quartus directory/proj2_cpu_pipeline_s2_25/cpu-pipeline-vhdl/registers.vhd Line: 13
Info (12128): Elaborating entity "id_ex" for hierarchy "id_ex:S_ID_EX" File: C:/quartus directory/proj2_cpu_pipeline_s2_25/cpu-pipeline-vhdl/pipeline_cpu.vhd Line: 181
Warning (10541): VHDL Signal Declaration warning at id_ex.vhd(18): used implicit default value for signal "WB_out" because signal was never assigned a value or an explicit default value. Use of implicit default value may introduce unintended design optimizations. File: C:/quartus directory/proj2_cpu_pipeline_s2_25/cpu-pipeline-vhdl/id_ex.vhd Line: 18
Warning (10541): VHDL Signal Declaration warning at id_ex.vhd(19): used implicit default value for signal "M_out" because signal was never assigned a value or an explicit default value. Use of implicit default value may introduce unintended design optimizations. File: C:/quartus directory/proj2_cpu_pipeline_s2_25/cpu-pipeline-vhdl/id_ex.vhd Line: 19
Warning (10541): VHDL Signal Declaration warning at id_ex.vhd(20): used implicit default value for signal "RegDst" because signal was never assigned a value or an explicit default value. Use of implicit default value may introduce unintended design optimizations. File: C:/quartus directory/proj2_cpu_pipeline_s2_25/cpu-pipeline-vhdl/id_ex.vhd Line: 20
Warning (10541): VHDL Signal Declaration warning at id_ex.vhd(21): used implicit default value for signal "ALUOp" because signal was never assigned a value or an explicit default value. Use of implicit default value may introduce unintended design optimizations. File: C:/quartus directory/proj2_cpu_pipeline_s2_25/cpu-pipeline-vhdl/id_ex.vhd Line: 21
Warning (10541): VHDL Signal Declaration warning at id_ex.vhd(22): used implicit default value for signal "ALUSrc" because signal was never assigned a value or an explicit default value. Use of implicit default value may introduce unintended design optimizations. File: C:/quartus directory/proj2_cpu_pipeline_s2_25/cpu-pipeline-vhdl/id_ex.vhd Line: 22
Warning (10541): VHDL Signal Declaration warning at id_ex.vhd(23): used implicit default value for signal "PC_2_EX" because signal was never assigned a value or an explicit default value. Use of implicit default value may introduce unintended design optimizations. File: C:/quartus directory/proj2_cpu_pipeline_s2_25/cpu-pipeline-vhdl/id_ex.vhd Line: 23
Warning (10541): VHDL Signal Declaration warning at id_ex.vhd(24): used implicit default value for signal "Src_A" because signal was never assigned a value or an explicit default value. Use of implicit default value may introduce unintended design optimizations. File: C:/quartus directory/proj2_cpu_pipeline_s2_25/cpu-pipeline-vhdl/id_ex.vhd Line: 24
Warning (10541): VHDL Signal Declaration warning at id_ex.vhd(25): used implicit default value for signal "RT_Data_EX" because signal was never assigned a value or an explicit default value. Use of implicit default value may introduce unintended design optimizations. File: C:/quartus directory/proj2_cpu_pipeline_s2_25/cpu-pipeline-vhdl/id_ex.vhd Line: 25
Warning (10541): VHDL Signal Declaration warning at id_ex.vhd(26): used implicit default value for signal "Offset_EX" because signal was never assigned a value or an explicit default value. Use of implicit default value may introduce unintended design optimizations. File: C:/quartus directory/proj2_cpu_pipeline_s2_25/cpu-pipeline-vhdl/id_ex.vhd Line: 26
Warning (10541): VHDL Signal Declaration warning at id_ex.vhd(27): used implicit default value for signal "RT_EX" because signal was never assigned a value or an explicit default value. Use of implicit default value may introduce unintended design optimizations. File: C:/quartus directory/proj2_cpu_pipeline_s2_25/cpu-pipeline-vhdl/id_ex.vhd Line: 27
Warning (10541): VHDL Signal Declaration warning at id_ex.vhd(28): used implicit default value for signal "RD_EX" because signal was never assigned a value or an explicit default value. Use of implicit default value may introduce unintended design optimizations. File: C:/quartus directory/proj2_cpu_pipeline_s2_25/cpu-pipeline-vhdl/id_ex.vhd Line: 28
Info (12128): Elaborating entity "shiftl_1" for hierarchy "shiftl_1:S_Sll_1" File: C:/quartus directory/proj2_cpu_pipeline_s2_25/cpu-pipeline-vhdl/pipeline_cpu.vhd Line: 193
Info (12128): Elaborating entity "alu_control" for hierarchy "alu_control:ALUControl" File: C:/quartus directory/proj2_cpu_pipeline_s2_25/cpu-pipeline-vhdl/pipeline_cpu.vhd Line: 197
Warning (10541): VHDL Signal Declaration warning at alu_control.vhd(8): used implicit default value for signal "Add_Sub" because signal was never assigned a value or an explicit default value. Use of implicit default value may introduce unintended design optimizations. File: C:/quartus directory/proj2_cpu_pipeline_s2_25/cpu-pipeline-vhdl/alu_control.vhd Line: 8
Info (12128): Elaborating entity "mux_2_1_4b" for hierarchy "mux_2_1_4b:Mux_2_1_EX_2" File: C:/quartus directory/proj2_cpu_pipeline_s2_25/cpu-pipeline-vhdl/pipeline_cpu.vhd Line: 200
Info (12128): Elaborating entity "ex_mem" for hierarchy "ex_mem:S_EX_MEM" File: C:/quartus directory/proj2_cpu_pipeline_s2_25/cpu-pipeline-vhdl/pipeline_cpu.vhd Line: 208
Warning (10541): VHDL Signal Declaration warning at ex_mem.vhd(16): used implicit default value for signal "WB_out" because signal was never assigned a value or an explicit default value. Use of implicit default value may introduce unintended design optimizations. File: C:/quartus directory/proj2_cpu_pipeline_s2_25/cpu-pipeline-vhdl/ex_mem.vhd Line: 16
Warning (10541): VHDL Signal Declaration warning at ex_mem.vhd(17): used implicit default value for signal "MemWrite" because signal was never assigned a value or an explicit default value. Use of implicit default value may introduce unintended design optimizations. File: C:/quartus directory/proj2_cpu_pipeline_s2_25/cpu-pipeline-vhdl/ex_mem.vhd Line: 17
Warning (10541): VHDL Signal Declaration warning at ex_mem.vhd(18): used implicit default value for signal "MemRead" because signal was never assigned a value or an explicit default value. Use of implicit default value may introduce unintended design optimizations. File: C:/quartus directory/proj2_cpu_pipeline_s2_25/cpu-pipeline-vhdl/ex_mem.vhd Line: 18
Warning (10541): VHDL Signal Declaration warning at ex_mem.vhd(19): used implicit default value for signal "Branch" because signal was never assigned a value or an explicit default value. Use of implicit default value may introduce unintended design optimizations. File: C:/quartus directory/proj2_cpu_pipeline_s2_25/cpu-pipeline-vhdl/ex_mem.vhd Line: 19
Warning (10541): VHDL Signal Declaration warning at ex_mem.vhd(20): used implicit default value for signal "PC_MEM" because signal was never assigned a value or an explicit default value. Use of implicit default value may introduce unintended design optimizations. File: C:/quartus directory/proj2_cpu_pipeline_s2_25/cpu-pipeline-vhdl/ex_mem.vhd Line: 20
Warning (10541): VHDL Signal Declaration warning at ex_mem.vhd(21): used implicit default value for signal "Zero_MEM" because signal was never assigned a value or an explicit default value. Use of implicit default value may introduce unintended design optimizations. File: C:/quartus directory/proj2_cpu_pipeline_s2_25/cpu-pipeline-vhdl/ex_mem.vhd Line: 21
Warning (10541): VHDL Signal Declaration warning at ex_mem.vhd(22): used implicit default value for signal "ALU_R_MEM" because signal was never assigned a value or an explicit default value. Use of implicit default value may introduce unintended design optimizations. File: C:/quartus directory/proj2_cpu_pipeline_s2_25/cpu-pipeline-vhdl/ex_mem.vhd Line: 22
Warning (10541): VHDL Signal Declaration warning at ex_mem.vhd(23): used implicit default value for signal "RT_Data_MEM" because signal was never assigned a value or an explicit default value. Use of implicit default value may introduce unintended design optimizations. File: C:/quartus directory/proj2_cpu_pipeline_s2_25/cpu-pipeline-vhdl/ex_mem.vhd Line: 23
Warning (10541): VHDL Signal Declaration warning at ex_mem.vhd(24): used implicit default value for signal "RW_MEM" because signal was never assigned a value or an explicit default value. Use of implicit default value may introduce unintended design optimizations. File: C:/quartus directory/proj2_cpu_pipeline_s2_25/cpu-pipeline-vhdl/ex_mem.vhd Line: 24
Info (12128): Elaborating entity "data_memory" for hierarchy "data_memory:Data_Mem" File: C:/quartus directory/proj2_cpu_pipeline_s2_25/cpu-pipeline-vhdl/pipeline_cpu.vhd Line: 222
Warning (10541): VHDL Signal Declaration warning at data_memory.vhd(10): used implicit default value for signal "Read_Data" because signal was never assigned a value or an explicit default value. Use of implicit default value may introduce unintended design optimizations. File: C:/quartus directory/proj2_cpu_pipeline_s2_25/cpu-pipeline-vhdl/data_memory.vhd Line: 10
Info (12128): Elaborating entity "mem_wb" for hierarchy "mem_wb:S_MEM_WB" File: C:/quartus directory/proj2_cpu_pipeline_s2_25/cpu-pipeline-vhdl/pipeline_cpu.vhd Line: 230
Warning (10541): VHDL Signal Declaration warning at mem_wb.vhd(13): used implicit default value for signal "RegWrite_out" because signal was never assigned a value or an explicit default value. Use of implicit default value may introduce unintended design optimizations. File: C:/quartus directory/proj2_cpu_pipeline_s2_25/cpu-pipeline-vhdl/mem_wb.vhd Line: 13
Warning (10541): VHDL Signal Declaration warning at mem_wb.vhd(14): used implicit default value for signal "MemtoReg_out" because signal was never assigned a value or an explicit default value. Use of implicit default value may introduce unintended design optimizations. File: C:/quartus directory/proj2_cpu_pipeline_s2_25/cpu-pipeline-vhdl/mem_wb.vhd Line: 14
Warning (10541): VHDL Signal Declaration warning at mem_wb.vhd(15): used implicit default value for signal "Read_Data_WB" because signal was never assigned a value or an explicit default value. Use of implicit default value may introduce unintended design optimizations. File: C:/quartus directory/proj2_cpu_pipeline_s2_25/cpu-pipeline-vhdl/mem_wb.vhd Line: 15
Warning (10541): VHDL Signal Declaration warning at mem_wb.vhd(16): used implicit default value for signal "ALU_R_WB" because signal was never assigned a value or an explicit default value. Use of implicit default value may introduce unintended design optimizations. File: C:/quartus directory/proj2_cpu_pipeline_s2_25/cpu-pipeline-vhdl/mem_wb.vhd Line: 16
Warning (10541): VHDL Signal Declaration warning at mem_wb.vhd(17): used implicit default value for signal "RW_WB" because signal was never assigned a value or an explicit default value. Use of implicit default value may introduce unintended design optimizations. File: C:/quartus directory/proj2_cpu_pipeline_s2_25/cpu-pipeline-vhdl/mem_wb.vhd Line: 17
Info: Quartus Prime Analysis & Elaboration was successful. 0 errors, 41 warnings
    Info: Peak virtual memory: 4783 megabytes
    Info: Processing ended: Wed Nov 26 13:44:12 2025
    Info: Elapsed time: 00:00:06
    Info: Total CPU time (on all processors): 00:00:12


